[www.citystorage.at/index.html]
[backblue.gif]
[fade.gif]
[index.html]
[www.citystorage.at/wp-content/themes/functn/style.css]
[www.citystorage.at/wp-content/themes/functn/assets/images/favicon/apple-touch-icon.png]
[www.citystorage.at/wp-content/themes/functn/assets/images/favicon/favicon-32x32.png]
[www.citystorage.at/wp-content/themes/functn/assets/images/favicon/favicon-16x16.png]
[app.usercentrics.eu_443/browser-ui/latest/loader.js]
[privacy-proxy.usercentrics.eu_443/latest/uc-block.bundle.js]
[www.citystorage.at/wp-includes/css/classic-themes.min68b3.css]
[www.citystorage.at/wp-includes/js/jquery/jquery.mina7a0.js]
[www.citystorage.at/wp-includes/js/jquery/jquery-migrate.mind617.js]
[www.citystorage.at/wp-json/wp/v2/pages/481.json]
[www.citystorage.at/wp-json/index.html]
[www.citystorage.at/wp-includes/wlwmanifest.xml]
[www.citystorage.at/wp-json/oembed/1.0/embed102b.json]
[www.citystorage.at/wp-json/oembed/1.0/embedabe5]
[www.citystorage.at/wp-content/uploads/2021/03/cropped-android-chrome-512x512-1-32x32.png]
[www.citystorage.at/wp-content/uploads/2021/03/cropped-android-chrome-512x512-1-192x192.png]
[www.citystorage.at/wp-content/uploads/2021/03/cropped-android-chrome-512x512-1-180x180.png]
[www.citystorage.at/wp-content/uploads/2019/10/illustration-lagerstduschon-1-blau-720x720.png]
[www.citystorage.at/wp-content/uploads/2023/02/citystorage_video_poster.jpg]
[www.citystorage.at/standorte/index.html]
[www.citystorage.at/ueber-uns/index.html]
[www.citystorage.at/wp-content/uploads/2023/02/citystorage_teaser.mp4]
[www.citystorage.at/so-funktionierts/index.html]
[www.citystorage.at/kontakt/index.html]
[www.citystorage.at/datenschutzerklaerung/index.html]
[www.citystorage.at/wp-content/themes/functn/assets/js/vendor/owl.carousel.min6a4d.js]
[www.citystorage.at/impressum/index.html]
[www.citystorage.at/agb/index.html]
[www.citystorage.at/wp-content/themes/functn/assets/js/vendor/jquery.magnific-popup.min6a4d.js]
[www.citystorage.at/standorte/laurenzgasse-11-1050-wien/index.html]
[www.citystorage.at/standorte/dammstrasse-38-1200-wien/index.html]
[www.citystorage.at/wp-content/themes/functn/assets/js/map6a4d.js]
[www.citystorage.at/standorte/fasangasse-50-1030-wien/index.html]
[www.citystorage.at/wp-content/themes/functn/assets/js/app6a4d.js]
[www.citystorage.at/standorte/florianigasse-58-1080-wien/index.html]
[www.citystorage.at/wp-content/themes/functn/assets/js/location6a4d.js]
[www.citystorage.at/standorte/wickenburggasse-14-1080-wien/index.html]
[www.citystorage.at/wp-content/themes/functn/assets/js/booking6a4d.js]
[www.citystorage.at/standorte/kleistgasse-7-1030-wien/index.html]
[www.citystorage.at/wp-content/themes/functn/assets/js/locations6a4d.js]
[www.citystorage.at/index.html]
[www.citystorage.at/standorte/aichholzgasse-31-1120-wien/index.html]
[www.citystorage.at/wp-content/themes/functn/style.css]
[www.citystorage.at/standorte/liechtensteinstrasse-56-1090-wien/index.html]
[www.citystorage.at/standorte/weisgerberlande-58-1030-wien/index.html]
[www.citystorage.at/standorte/weisgerberlande-42-1030-wien/index.html]
[www.citystorage.at/xmlrpc.html]
[www.citystorage.at/standorte/gilmgasse-6-1170-wien/index.html]
[www.citystorage.at/wp-content/themes/functn/assets/images/favicon/site.html]
[www.citystorage.at/standorte/vogelsanggasse-31-1050-wien/index.html]
[www.citystorage.at/standorte/gurkgasse-17-1140-wien/index.html]
[www.citystorage.at/wp-content/themes/functn/assets/images/favicon/safari-pinned-tab.svg]
[www.googletagmanager.com/gtm5445.html]
[www.citystorage.at/wp-includes/css/classic-themes.min68b3.css]
[www.citystorage.at/standorte/selzergasse-20-22-1150-wien/index.html]
[www.citystorage.at/standorte/lutzowgasse-18-1140-wien/index.html]
[www.citystorage.at/wp-content/themes/functn/assets/fonts/Roboto-Regular.eot]
[www.citystorage.at/wp-content/themes/functn/assets/fonts/Roboto-Regulard41d.eot]
[www.citystorage.at/wp-content/themes/functn/assets/fonts/Roboto-Regular.woff]
[www.citystorage.at/wp-content/themes/functn/assets/fonts/Roboto-Regular.ttf]
[www.citystorage.at/wp-content/themes/functn/assets/fonts/Roboto-Medium.eot]
[www.citystorage.at/wp-content/themes/functn/assets/fonts/Roboto-Mediumd41d.eot]
[www.citystorage.at/wp-content/themes/functn/assets/fonts/Roboto-Medium.woff]
[www.citystorage.at/wp-content/themes/functn/assets/fonts/Roboto-Medium.ttf]
[www.citystorage.at/wp-content/themes/functn/assets/fonts/DrukText-Medium.otf]
[www.citystorage.at/wp-content/themes/functn/assets/fonts/DrukText-Medium.woff]
[www.citystorage.at/wp-content/themes/functn/assets/fonts/DrukText-Medium.woff2]
[www.citystorage.at/wp-content/themes/functn/assets/fonts/material-icons.woff2]
[www.citystorage.at/wp-content/themes/functn/assets/css/app6a4d.css]
[www.citystorage.at/xmlrpc0db0.html]
[www.citystorage.at/wp-content/uploads/2019/09/citystorage-logo.svg]
[www.citystorage.at/standorte/index.html]
[www.citystorage.at/wp-json/wp/v2/pages/528.json]
[www.citystorage.at/standorte/page/2/index.html]
[www.citystorage.at/standorte/feed/index.html]
[www.citystorage.at/wp-json/oembed/1.0/embedfa7e.json]
[www.citystorage.at/wp-json/oembed/1.0/embed7fec]
[www.citystorage.at/ueber-uns/index.html]
[www.citystorage.at/wp-json/wp/v2/pages/530.json]
[www.citystorage.at/wp-json/oembed/1.0/embed0e8b.json]
[www.citystorage.at/wp-json/oembed/1.0/embede464]
[www.citystorage.at/so-funktionierts/index.html]
[www.citystorage.at/wp-json/wp/v2/pages/483.json]
[www.citystorage.at/wp-json/oembed/1.0/embed6190.json]
[www.citystorage.at/wp-json/oembed/1.0/embedfd19]
[www.citystorage.at/kontakt/index.html]
[www.citystorage.at/datenschutzerklaerung/index.html]
[www.citystorage.at/wp-json/wp/v2/pages/473.json]
[www.citystorage.at/wp-json/oembed/1.0/embedc54e.json]
[www.citystorage.at/wp-json/oembed/1.0/embed127f]
[www.citystorage.at/agb/index.html]
[www.citystorage.at/impressum/index.html]
[www.citystorage.at/wp-content/plugins/gravityforms/js/jquery.json.minde39.js]
[www.citystorage.at/wp-content/plugins/gravityforms/js/gravityforms.minde39.js]
[www.citystorage.at/wp-content/plugins/gravityforms/js/conditional_logic.minde39.js]
[www.citystorage.at/wp-content/plugins/gravityforms/assets/js/dist/utils.min20cb.js]
[www.citystorage.at/wp-json/oembed/1.0/embed8661.json]
[www.citystorage.at/wp-json/oembed/1.0/embeda270]
[www.citystorage.at/wp-content/uploads/2019/09/illustration-jaegerundsammler2-blau-720x720.png]
[www.citystorage.at/wp-content/uploads/2022/05/Laurenzg.11-2-512x683.jpg]
[www.citystorage.at/wp-content/uploads/2022/05/Laurenzg.11-2-scaled.jpg]
[www.citystorage.at/wp-content/uploads/2022/05/Laurenzg.11-1-512x683.jpg]
[www.citystorage.at/wp-content/uploads/2022/05/Laurenzg.11-1-scaled.jpg]
[www.citystorage.at/wp-content/uploads/2022/05/Laurenzg.11-3-512x683.jpg]
[www.citystorage.at/wp-content/uploads/2022/05/Laurenzg.11-3-scaled.jpg]
[www.citystorage.at/wp-content/uploads/2022/05/Laurenzg.11-4-512x683.jpg]
[www.citystorage.at/wp-content/uploads/2022/05/Laurenzg.11-4-scaled.jpg]
[www.citystorage.at/wp-includes/js/dist/vendor/regenerator-runtime.min3937.js]
[www.citystorage.at/wp-includes/js/dist/vendor/wp-polyfill.min2c7c.js]
[www.citystorage.at/wp-includes/js/dist/dom-ready.minded6.js]
[www.citystorage.at/wp-includes/js/dist/hooks.min6c65.js]
[www.citystorage.at/wp-includes/js/dist/i18n.mine57b.js]
[www.citystorage.at/wp-includes/js/dist/a11y.min65c7.js]
[www.citystorage.at/wp-includes/js/jquery/ui/core.min3f14.js]
[www.citystorage.at/wp-includes/js/jquery/ui/datepicker.min3f14.js]
[www.citystorage.at/wp-content/plugins/gravityforms/js/datepicker-legacy.minde39.js]
[www.citystorage.at/wp-content/plugins/gravityforms/js/datepicker.minde39.js]
[www.citystorage.at/wp-content/plugins/gravityforms/js/placeholders.jquery.minde39.js]
[www.citystorage.at/wp-content/plugins/gravityforms/assets/js/dist/vendor-theme.min699c.js]
[www.citystorage.at/wp-content/plugins/gravityforms/assets/js/dist/scripts-theme.min987b.js]
[www.citystorage.at/standorte/laurenzgasse-11-1050-wien/index.html]
[www.citystorage.at/wp-json/oembed/1.0/embed85df.json]
[www.citystorage.at/wp-json/oembed/1.0/embedb599]
[www.citystorage.at/wp-content/uploads/2019/10/illustration-seikeinstapelkuenstler-weiss-720x720.png]
[www.citystorage.at/wp-content/uploads/2021/06/Dammstrasse38_DSC_3058-2-512x341.jpg]
[www.citystorage.at/wp-content/uploads/2021/06/Dammstrasse38_DSC_3058-2-scaled.jpg]
[www.citystorage.at/wp-content/uploads/2021/06/Dammstrasse38_DSC_3060-1-512x341.jpg]
[www.citystorage.at/wp-content/uploads/2021/06/Dammstrasse38_DSC_3060-1-scaled.jpg]
[www.citystorage.at/wp-content/uploads/2021/06/Dammstrasse38_DSC_3063-1-512x341.jpg]
[www.citystorage.at/wp-content/uploads/2021/06/Dammstrasse38_DSC_3063-1-scaled.jpg]
[www.citystorage.at/wp-content/uploads/2021/06/Dammstrasse38_DSC_3062-1-512x341.jpg]
[www.citystorage.at/wp-content/uploads/2021/06/Dammstrasse38_DSC_3062-1-scaled.jpg]
[www.citystorage.at/standorte/dammstrasse-38-1200-wien/index.html]
[www.citystorage.at/wp-json/oembed/1.0/embed813f.json]
[www.citystorage.at/wp-json/oembed/1.0/embedd9cd]
[www.citystorage.at/wp-content/uploads/2021/06/Fasangasse50_DSC_3093-512x341.jpg]
[www.citystorage.at/wp-content/uploads/2021/06/Fasangasse50_DSC_3093-scaled.jpg]
[www.citystorage.at/wp-content/uploads/2021/06/Fasangasse50_DSC_3094-512x341.jpg]
[www.citystorage.at/wp-content/uploads/2021/06/Fasangasse50_DSC_3094-scaled.jpg]
[www.citystorage.at/wp-content/uploads/2021/06/Fasangasse50_DSC_3095-512x341.jpg]
[www.citystorage.at/wp-content/uploads/2021/06/Fasangasse50_DSC_3095-scaled.jpg]
[www.citystorage.at/wp-content/uploads/2021/06/Fasangasse50_DSC_3097-512x341.jpg]
[www.citystorage.at/wp-content/uploads/2021/06/Fasangasse50_DSC_3097-scaled.jpg]
[www.citystorage.at/wp-content/uploads/2021/06/Fasangasse50_DSC_3091-512x341.jpg]
[www.citystorage.at/wp-content/uploads/2021/06/Fasangasse50_DSC_3091-scaled.jpg]
[www.citystorage.at/standorte/fasangasse-50-1030-wien/index.html]
[www.citystorage.at/wp-json/oembed/1.0/embedbef5.json]
[www.citystorage.at/wp-json/oembed/1.0/embede868]
[www.citystorage.at/wp-content/uploads/2019/10/Florianigasse58_DSC_3049-512x341.jpg]
[www.citystorage.at/wp-content/uploads/2019/10/Florianigasse58_DSC_3049-scaled.jpg]
[www.citystorage.at/wp-content/uploads/2019/10/Florianigasse58_DSC_3044-512x341.jpg]
[www.citystorage.at/wp-content/uploads/2019/10/Florianigasse58_DSC_3044-scaled.jpg]
[www.citystorage.at/wp-content/uploads/2019/10/Florianigasse58_DSC_3042-512x341.jpg]
[www.citystorage.at/wp-content/uploads/2019/10/Florianigasse58_DSC_3042-scaled.jpg]
[www.citystorage.at/wp-content/uploads/2019/10/Florianigasse58_DSC_3055-512x341.jpg]
[www.citystorage.at/wp-content/uploads/2019/10/Florianigasse58_DSC_3055-scaled.jpg]
[www.citystorage.at/wp-content/uploads/2019/10/Florianigasse58_DSC_3048-512x341.jpg]
[www.citystorage.at/wp-content/uploads/2019/10/Florianigasse58_DSC_3048-scaled.jpg]
[www.citystorage.at/standorte/florianigasse-58-1080-wien/index.html]
[www.citystorage.at/wp-json/oembed/1.0/embeddf33.json]
[www.citystorage.at/standorte/wickenburggasse-14-1080-wien/feed/index.html]
[www.citystorage.at/wp-json/oembed/1.0/embedfffb]
[www.citystorage.at/wp-content/uploads/2019/09/illustration-seikeinstapelkuenstler2-blau-720x720.png]
[www.citystorage.at/wp-content/uploads/2019/09/citystorage-wickenburggasse14-05-512x341.jpg]
[www.citystorage.at/wp-content/uploads/2019/09/citystorage-wickenburggasse14-05.jpg]
[www.citystorage.at/wp-content/uploads/2019/09/citystorage-wickenburggasse14-06-512x341.jpg]
[www.citystorage.at/wp-content/uploads/2019/09/citystorage-wickenburggasse14-06.jpg]
[www.citystorage.at/wp-content/uploads/2019/09/citystorage-wickenburggasse14-07-512x341.jpg]
[www.citystorage.at/wp-content/uploads/2019/09/citystorage-wickenburggasse14-07.jpg]
[www.citystorage.at/wp-content/uploads/2019/09/citystorage-wickenburggasse14-08-512x341.jpg]
[www.citystorage.at/wp-content/uploads/2019/09/citystorage-wickenburggasse14-08.jpg]
[www.citystorage.at/wp-content/uploads/2019/09/citystorage-wickenburggasse14-10-512x341.jpg]
[www.citystorage.at/wp-content/uploads/2019/09/citystorage-wickenburggasse14-10.jpg]
[www.citystorage.at/wp-content/uploads/2019/09/citystorage-wickenburggasse14-11-512x341.jpg]
[www.citystorage.at/wp-content/uploads/2019/09/citystorage-wickenburggasse14-11.jpg]
[www.citystorage.at/wp-content/uploads/2019/09/citystorage-wickenburggasse14-13-512x341.jpg]
[www.citystorage.at/wp-content/uploads/2019/09/citystorage-wickenburggasse14-13.jpg]
[www.citystorage.at/wp-content/uploads/2019/09/citystorage-wickenburggasse14-14-512x341.jpg]
[www.citystorage.at/wp-content/uploads/2019/09/citystorage-wickenburggasse14-14.jpg]
[www.citystorage.at/wp-content/uploads/2019/09/citystorage-wickenburggasse14-15-512x341.jpg]
[www.citystorage.at/wp-content/uploads/2019/09/citystorage-wickenburggasse14-15.jpg]
[www.citystorage.at/wp-content/uploads/2019/09/citystorage-wickenburggasse14-16-512x341.jpg]
[www.citystorage.at/wp-content/uploads/2019/09/citystorage-wickenburggasse14-16.jpg]
[www.citystorage.at/wp-content/uploads/2019/09/citystorage-wickenburggasse14-17-512x341.jpg]
[www.citystorage.at/wp-content/uploads/2019/09/citystorage-wickenburggasse14-17.jpg]
[www.citystorage.at/wp-content/uploads/2019/09/citystorage-wickenburggasse14-18-512x341.jpg]
[www.citystorage.at/wp-content/uploads/2019/09/citystorage-wickenburggasse14-18.jpg]
[www.citystorage.at/wp-content/uploads/2019/09/citystorage-wickenburggasse14-20-512x341.jpg]
[www.citystorage.at/wp-content/uploads/2019/09/citystorage-wickenburggasse14-20.jpg]
[www.citystorage.at/wp-content/uploads/2019/09/citystorage-wickenburggasse14-21-512x341.jpg]
[www.citystorage.at/wp-content/uploads/2019/09/citystorage-wickenburggasse14-21.jpg]
[www.citystorage.at/wp-content/uploads/2019/09/citystorage-wickenburggasse14-22-512x341.jpg]
[www.citystorage.at/wp-content/uploads/2019/09/citystorage-wickenburggasse14-22.jpg]
[www.citystorage.at/wp-content/uploads/2019/09/citystorage-wickenburggasse14-23-512x341.jpg]
[www.citystorage.at/wp-content/uploads/2019/09/citystorage-wickenburggasse14-23.jpg]
[www.citystorage.at/wp-content/uploads/2019/09/citystorage-wickenburggasse14-24-512x341.jpg]
[www.citystorage.at/wp-content/uploads/2019/09/citystorage-wickenburggasse14-24.jpg]
[www.citystorage.at/wp-content/uploads/2019/09/citystorage-wickenburggasse14-01-512x341.jpg]
[www.citystorage.at/wp-content/uploads/2019/09/citystorage-wickenburggasse14-01.jpg]
[www.citystorage.at/wp-content/uploads/2019/09/citystorage-wickenburggasse14-02-512x341.jpg]
[www.citystorage.at/wp-content/uploads/2019/09/citystorage-wickenburggasse14-02.jpg]
[www.citystorage.at/wp-content/uploads/2019/09/citystorage-wickenburggasse14-03-512x341.jpg]
[www.citystorage.at/wp-content/uploads/2019/09/citystorage-wickenburggasse14-03.jpg]
[www.citystorage.at/standorte/wickenburggasse-14-1080-wien/index.html]
[www.citystorage.at/wp-json/oembed/1.0/embed03a2.json]
[www.citystorage.at/wp-json/oembed/1.0/embed4b1b]
[www.citystorage.at/wp-content/uploads/2019/10/illustration-lagerstduschon-2-blau-720x720.png]
[www.citystorage.at/wp-content/uploads/2019/10/Kleistgasse7_DSC_3089-512x341.jpg]
[www.citystorage.at/wp-content/uploads/2019/10/Kleistgasse7_DSC_3089-scaled.jpg]
[www.citystorage.at/wp-content/uploads/2019/10/Kleistgasse7_DSC_3082-512x341.jpg]
[www.citystorage.at/wp-content/uploads/2019/10/Kleistgasse7_DSC_3082-scaled.jpg]
[www.citystorage.at/wp-content/uploads/2019/10/Kleistgasse7_DSC_3084-512x341.jpg]
[www.citystorage.at/wp-content/uploads/2019/10/Kleistgasse7_DSC_3084-scaled.jpg]
[www.citystorage.at/wp-content/uploads/2019/10/Kleistgasse7_DSC_3085-512x341.jpg]
[www.citystorage.at/wp-content/uploads/2019/10/Kleistgasse7_DSC_3085-scaled.jpg]
[www.citystorage.at/standorte/kleistgasse-7-1030-wien/index.html]
[www.citystorage.at/wp-json/oembed/1.0/embed7d7c.json]
[www.citystorage.at/wp-json/oembed/1.0/embed29ff]
[www.citystorage.at/wp-content/uploads/2019/10/Aichholzgasse_DSC_3021-512x341.jpg]
[www.citystorage.at/wp-content/uploads/2019/10/Aichholzgasse_DSC_3021-scaled.jpg]
[www.citystorage.at/wp-content/uploads/2019/10/Aichholzgasse_DSC_3023-512x341.jpg]
[www.citystorage.at/wp-content/uploads/2019/10/Aichholzgasse_DSC_3023-scaled.jpg]
[www.citystorage.at/wp-content/uploads/2019/10/Aichholzgasse_DSC_3025-512x341.jpg]
[www.citystorage.at/wp-content/uploads/2019/10/Aichholzgasse_DSC_3025-scaled.jpg]
[www.citystorage.at/standorte/aichholzgasse-31-1120-wien/index.html]
[www.citystorage.at/wp-json/oembed/1.0/embedfb77.json]
[www.citystorage.at/wp-json/oembed/1.0/embedc26e]
[www.citystorage.at/wp-content/uploads/2019/09/citystorage-liechtensteinstr56-17-eingang-512x341.jpg]
[www.citystorage.at/wp-content/uploads/2019/09/citystorage-liechtensteinstr56-17-eingang.jpg]
[www.citystorage.at/wp-content/uploads/2019/09/citystorage-liechtensteinstr56-08-abteile-512x341.jpg]
[www.citystorage.at/wp-content/uploads/2019/09/citystorage-liechtensteinstr56-08-abteile.jpg]
[www.citystorage.at/wp-content/uploads/2019/09/citystorage-liechtensteinstr56-12-abteile-512x341.jpg]
[www.citystorage.at/wp-content/uploads/2019/09/citystorage-liechtensteinstr56-12-abteile.jpg]
[www.citystorage.at/wp-content/uploads/2019/09/citystorage-liechtensteinstr56-03-abteile-512x341.jpg]
[www.citystorage.at/wp-content/uploads/2019/09/citystorage-liechtensteinstr56-03-abteile.jpg]
[www.citystorage.at/wp-content/uploads/2019/09/citystorage-liechtensteinstr56-04-abteile-512x341.jpg]
[www.citystorage.at/wp-content/uploads/2019/09/citystorage-liechtensteinstr56-04-abteile.jpg]
[www.citystorage.at/wp-content/uploads/2019/09/citystorage-liechtensteinstr56-05-abteile-512x341.jpg]
[www.citystorage.at/wp-content/uploads/2019/09/citystorage-liechtensteinstr56-05-abteile.jpg]
[www.citystorage.at/wp-content/uploads/2019/09/citystorage-liechtensteinstr56-06-abteile-512x341.jpg]
[www.citystorage.at/wp-content/uploads/2019/09/citystorage-liechtensteinstr56-06-abteile.jpg]
[www.citystorage.at/wp-content/uploads/2019/09/citystorage-liechtensteinstr56-07-abteile-512x341.jpg]
[www.citystorage.at/wp-content/uploads/2019/09/citystorage-liechtensteinstr56-07-abteile.jpg]
[www.citystorage.at/wp-content/uploads/2019/09/citystorage-liechtensteinstr56-09-abteile-512x341.jpg]
[www.citystorage.at/wp-content/uploads/2019/09/citystorage-liechtensteinstr56-09-abteile.jpg]
[www.citystorage.at/wp-content/uploads/2019/09/citystorage-liechtensteinstr56-14-abteile-512x341.jpg]
[www.citystorage.at/wp-content/uploads/2019/09/citystorage-liechtensteinstr56-14-abteile.jpg]
[www.citystorage.at/wp-content/uploads/2019/09/citystorage-liechtensteinstr56-16-abteile-512x341.jpg]
[www.citystorage.at/wp-content/uploads/2019/09/citystorage-liechtensteinstr56-16-abteile.jpg]
[www.citystorage.at/wp-content/uploads/2019/09/citystorage-liechtensteinstr56-13-sicherheitssystem-512x341.jpg]
[www.citystorage.at/wp-content/uploads/2019/09/citystorage-liechtensteinstr56-13-sicherheitssystem.jpg]
[www.citystorage.at/wp-content/uploads/2019/09/citystorage-liechtensteinstr56-18-abteile-512x341.jpg]
[www.citystorage.at/wp-content/uploads/2019/09/citystorage-liechtensteinstr56-18-abteile.jpg]
[www.citystorage.at/wp-content/uploads/2019/09/citystorage-liechtensteinstr56-01-fassade-512x341.jpg]
[www.citystorage.at/wp-content/uploads/2019/09/citystorage-liechtensteinstr56-01-fassade.jpg]
[www.citystorage.at/wp-content/uploads/2019/09/citystorage-liechtensteinstr56-02-fassade-512x341.jpg]
[www.citystorage.at/wp-content/uploads/2019/09/citystorage-liechtensteinstr56-02-fassade.jpg]
[www.citystorage.at/wp-content/uploads/2019/09/citystorage-liechtensteinstr56-19-fassade-512x341.jpg]
[www.citystorage.at/wp-content/uploads/2019/09/citystorage-liechtensteinstr56-19-fassade.jpg]
[www.citystorage.at/wp-content/uploads/2019/09/citystorage-liechtensteinstr56-20-fassade-512x341.jpg]
[www.citystorage.at/wp-content/uploads/2019/09/citystorage-liechtensteinstr56-20-fassade.jpg]
[www.citystorage.at/standorte/liechtensteinstrasse-56-1090-wien/index.html]
[www.citystorage.at/wp-json/oembed/1.0/embed4174.json]
[www.citystorage.at/wp-json/oembed/1.0/embed9f11]
[www.citystorage.at/wp-content/uploads/2019/09/weissgerberlaende58-11-512x769.jpg]
[www.citystorage.at/wp-content/uploads/2019/09/weissgerberlaende58-11.jpg]
[www.citystorage.at/wp-content/uploads/2019/09/weissgerberlaende58-05-512x769.jpg]
[www.citystorage.at/wp-content/uploads/2019/09/weissgerberlaende58-05.jpg]
[www.citystorage.at/wp-content/uploads/2019/09/weissgerberlaende58-09-512x769.jpg]
[www.citystorage.at/wp-content/uploads/2019/09/weissgerberlaende58-09.jpg]
[www.citystorage.at/wp-content/uploads/2019/09/weissgerberlaende58-03-512x341.jpg]
[www.citystorage.at/wp-content/uploads/2019/09/weissgerberlaende58-03.jpg]
[www.citystorage.at/wp-content/uploads/2019/09/weissgerberlaende58-12-512x341.jpg]
[www.citystorage.at/wp-content/uploads/2019/09/weissgerberlaende58-12.jpg]
[www.citystorage.at/standorte/weisgerberlande-58-1030-wien/index.html]
[www.citystorage.at/wp-json/oembed/1.0/embedebc4.json]
[www.citystorage.at/wp-json/oembed/1.0/embed38a6]
[www.citystorage.at/wp-content/uploads/2019/09/citystorage-weissgerberlaende42-06-512x769.jpg]
[www.citystorage.at/wp-content/uploads/2019/09/citystorage-weissgerberlaende42-06.jpg]
[www.citystorage.at/wp-content/uploads/2019/09/citystorage-weissgerberlaende42-07-512x769.jpg]
[www.citystorage.at/wp-content/uploads/2019/09/citystorage-weissgerberlaende42-07.jpg]
[www.citystorage.at/wp-content/uploads/2019/09/citystorage-weissgerberlaende42-08-512x341.jpg]
[www.citystorage.at/wp-content/uploads/2019/09/citystorage-weissgerberlaende42-08.jpg]
[www.citystorage.at/wp-content/uploads/2019/09/citystorage-weissgerberlaende42-05-512x341.jpg]
[www.citystorage.at/wp-content/uploads/2019/09/citystorage-weissgerberlaende42-05.jpg]
[www.citystorage.at/wp-content/uploads/2019/09/citystorage-weissgerberlaende42-01-512x341.jpg]
[www.citystorage.at/wp-content/uploads/2019/09/citystorage-weissgerberlaende42-01.jpg]
[www.citystorage.at/wp-content/uploads/2019/09/citystorage-weissgerberlaende42-03-512x341.jpg]
[www.citystorage.at/wp-content/uploads/2019/09/citystorage-weissgerberlaende42-03.jpg]
[www.citystorage.at/standorte/weisgerberlande-42-1030-wien/index.html]
[www.citystorage.at/wp-json/oembed/1.0/embede8a7.json]
[www.citystorage.at/wp-json/oembed/1.0/embedfbd2]
[www.citystorage.at/wp-content/uploads/2019/09/citystorage-gilmgasse6-03-abteile-512x341.jpg]
[www.citystorage.at/wp-content/uploads/2019/09/citystorage-gilmgasse6-03-abteile.jpg]
[www.citystorage.at/wp-content/uploads/2019/09/citystorage-gilmgasse6-04-abteile-512x341.jpg]
[www.citystorage.at/wp-content/uploads/2019/09/citystorage-gilmgasse6-04-abteile.jpg]
[www.citystorage.at/wp-content/uploads/2019/09/citystorage-gilmgasse6-08-abteile-512x341.jpg]
[www.citystorage.at/wp-content/uploads/2019/09/citystorage-gilmgasse6-08-abteile.jpg]
[www.citystorage.at/wp-content/uploads/2019/09/citystorage-gilmgasse6-09-abteile-512x341.jpg]
[www.citystorage.at/wp-content/uploads/2019/09/citystorage-gilmgasse6-09-abteile.jpg]
[www.citystorage.at/wp-content/uploads/2019/09/citystorage-gilmgasse6-07-abteile-512x341.jpg]
[www.citystorage.at/wp-content/uploads/2019/09/citystorage-gilmgasse6-07-abteile.jpg]
[www.citystorage.at/wp-content/uploads/2019/09/citystorage-gilmgasse6-05-abteile-512x341.jpg]
[www.citystorage.at/wp-content/uploads/2019/09/citystorage-gilmgasse6-05-abteile.jpg]
[www.citystorage.at/wp-content/uploads/2019/09/citystorage-gilmgasse6-06-abteile-512x341.jpg]
[www.citystorage.at/wp-content/uploads/2019/09/citystorage-gilmgasse6-06-abteile.jpg]
[www.citystorage.at/wp-content/uploads/2019/09/citystorage-gilmgasse6-11-abteile-512x341.jpg]
[www.citystorage.at/wp-content/uploads/2019/09/citystorage-gilmgasse6-11-abteile.jpg]
[www.citystorage.at/wp-content/uploads/2019/09/citystorage-gilmgasse6-15-eingang-512x341.jpg]
[www.citystorage.at/wp-content/uploads/2019/09/citystorage-gilmgasse6-15-eingang.jpg]
[www.citystorage.at/wp-content/uploads/2019/09/citystorage-gilmgasse6-02-fassade-512x341.jpg]
[www.citystorage.at/wp-content/uploads/2019/09/citystorage-gilmgasse6-02-fassade.jpg]
[www.citystorage.at/wp-content/uploads/2019/09/citystorage-gilmgasse6-01-fassade-512x341.jpg]
[www.citystorage.at/wp-content/uploads/2019/09/citystorage-gilmgasse6-01-fassade.jpg]
[www.citystorage.at/standorte/gilmgasse-6-1170-wien/index.html]
[www.citystorage.at/wp-json/oembed/1.0/embed848f.json]
[www.citystorage.at/wp-json/oembed/1.0/embeda785]
[www.citystorage.at/wp-content/uploads/2019/09/citystorage-vogelsangg31-09-abteile-512x341.jpg]
[www.citystorage.at/wp-content/uploads/2019/09/citystorage-vogelsangg31-09-abteile.jpg]
[www.citystorage.at/wp-content/uploads/2019/09/citystorage-vogelsangg31-17-fassade-512x769.jpg]
[www.citystorage.at/wp-content/uploads/2019/09/citystorage-vogelsangg31-17-fassade.jpg]
[www.citystorage.at/wp-content/uploads/2019/09/citystorage-vogelsangg31-22-fassade-512x769.jpg]
[www.citystorage.at/wp-content/uploads/2019/09/citystorage-vogelsangg31-22-fassade.jpg]
[www.citystorage.at/wp-content/uploads/2019/09/citystorage-vogelsangg31-02-abteile-512x341.jpg]
[www.citystorage.at/wp-content/uploads/2019/09/citystorage-vogelsangg31-02-abteile.jpg]
[www.citystorage.at/wp-content/uploads/2019/09/citystorage-vogelsangg31-03-abteile-512x341.jpg]
[www.citystorage.at/wp-content/uploads/2019/09/citystorage-vogelsangg31-03-abteile.jpg]
[www.citystorage.at/wp-content/uploads/2019/09/citystorage-vogelsangg31-04-abteile-512x341.jpg]
[www.citystorage.at/wp-content/uploads/2019/09/citystorage-vogelsangg31-04-abteile.jpg]
[www.citystorage.at/wp-content/uploads/2019/09/citystorage-vogelsangg31-05-abteile-512x341.jpg]
[www.citystorage.at/wp-content/uploads/2019/09/citystorage-vogelsangg31-05-abteile.jpg]
[www.citystorage.at/wp-content/uploads/2019/09/citystorage-vogelsangg31-12-abteile-512x341.jpg]
[www.citystorage.at/wp-content/uploads/2019/09/citystorage-vogelsangg31-12-abteile.jpg]
[www.citystorage.at/wp-content/uploads/2019/09/citystorage-vogelsangg31-19-fassade-512x341.jpg]
[www.citystorage.at/wp-content/uploads/2019/09/citystorage-vogelsangg31-19-fassade.jpg]
[www.citystorage.at/wp-content/uploads/2019/09/citystorage-vogelsangg31-24-schloss-512x341.jpg]
[www.citystorage.at/wp-content/uploads/2019/09/citystorage-vogelsangg31-24-schloss.jpg]
[www.citystorage.at/wp-content/uploads/2019/09/citystorage-vogelsangg31-23-sicherheitssystem-512x341.jpg]
[www.citystorage.at/wp-content/uploads/2019/09/citystorage-vogelsangg31-23-sicherheitssystem.jpg]
[www.citystorage.at/wp-content/uploads/2019/09/citystorage-vogelsangg31-11-gang-512x341.jpg]
[www.citystorage.at/wp-content/uploads/2019/09/citystorage-vogelsangg31-11-gang.jpg]
[www.citystorage.at/wp-content/uploads/2019/09/citystorage-vogelsangg31-13-fassade-512x341.jpg]
[www.citystorage.at/wp-content/uploads/2019/09/citystorage-vogelsangg31-13-fassade.jpg]
[www.citystorage.at/wp-content/uploads/2019/09/citystorage-vogelsangg31-01-fassade-512x341.jpg]
[www.citystorage.at/wp-content/uploads/2019/09/citystorage-vogelsangg31-01-fassade.jpg]
[www.citystorage.at/wp-content/uploads/2019/09/citystorage-vogelsangg31-14-fassade-512x341.jpg]
[www.citystorage.at/wp-content/uploads/2019/09/citystorage-vogelsangg31-14-fassade.jpg]
[www.citystorage.at/standorte/vogelsanggasse-31-1050-wien/index.html]
[www.citystorage.at/wp-json/oembed/1.0/embed5058.json]
[www.citystorage.at/wp-json/oembed/1.0/embedf4eb]
[www.citystorage.at/wp-content/uploads/2019/09/citystorage-luetzowgasse18-8-512x683.jpg]
[www.citystorage.at/wp-content/uploads/2019/09/citystorage-luetzowgasse18-8.jpg]
[www.citystorage.at/wp-content/uploads/2019/09/citystorage-luetzowgasse18-1-512x683.jpg]
[www.citystorage.at/wp-content/uploads/2019/09/citystorage-luetzowgasse18-1.jpg]
[www.citystorage.at/wp-content/uploads/2019/09/citystorage-luetzowgasse18-2-512x683.jpg]
[www.citystorage.at/wp-content/uploads/2019/09/citystorage-luetzowgasse18-2.jpg]
[www.citystorage.at/wp-content/uploads/2019/09/citystorage-luetzowgasse18-3-512x384.jpg]
[www.citystorage.at/wp-content/uploads/2019/09/citystorage-luetzowgasse18-3.jpg]
[www.citystorage.at/wp-content/uploads/2019/09/citystorage-luetzowgasse18-6-512x384.jpg]
[www.citystorage.at/wp-content/uploads/2019/09/citystorage-luetzowgasse18-6.jpg]
[www.citystorage.at/wp-content/uploads/2019/09/citystorage-luetzowgasse18-7-512x384.jpg]
[www.citystorage.at/wp-content/uploads/2019/09/citystorage-luetzowgasse18-7.jpg]
[www.citystorage.at/standorte/lutzowgasse-18-1140-wien/index.html]
[www.citystorage.at/wp-json/oembed/1.0/embed6aae.json]
[www.citystorage.at/wp-json/oembed/1.0/embed66aa]
[www.citystorage.at/wp-content/uploads/2019/09/Gurkgasse_DSC_3041-512x341.jpg]
[www.citystorage.at/wp-content/uploads/2019/09/Gurkgasse_DSC_3041-scaled.jpg]
[www.citystorage.at/wp-content/uploads/2019/09/Gurkgasse_DSC_3034-512x341.jpg]
[www.citystorage.at/wp-content/uploads/2019/09/Gurkgasse_DSC_3034-scaled.jpg]
[www.citystorage.at/wp-content/uploads/2019/09/Gurkgasse_DSC_3032-512x341.jpg]
[www.citystorage.at/wp-content/uploads/2019/09/Gurkgasse_DSC_3032-scaled.jpg]
[www.citystorage.at/wp-content/uploads/2019/09/Gurkgasse_DSC_3033-512x341.jpg]
[www.citystorage.at/wp-content/uploads/2019/09/Gurkgasse_DSC_3033-scaled.jpg]
[www.citystorage.at/standorte/gurkgasse-17-1140-wien/index.html]
[www.citystorage.at/wp-json/oembed/1.0/embed1082.json]
[www.citystorage.at/wp-json/oembed/1.0/embed579b]
[www.citystorage.at/wp-content/uploads/2019/09/Selzgasse20-22_DSC_3068-512x341.jpg]
[www.citystorage.at/wp-content/uploads/2019/09/Selzgasse20-22_DSC_3068-scaled.jpg]
[www.citystorage.at/wp-content/uploads/2019/09/Selzgasse20-22_DSC_3071-512x341.jpg]
[www.citystorage.at/wp-content/uploads/2019/09/Selzgasse20-22_DSC_3071-scaled.jpg]
[www.citystorage.at/wp-content/uploads/2019/09/Selzgasse20-22_DSC_3076-512x341.jpg]
[www.citystorage.at/wp-content/uploads/2019/09/Selzgasse20-22_DSC_3076-scaled.jpg]
[www.citystorage.at/wp-content/uploads/2019/09/Selzgasse20-22_DSC_3074-512x341.jpg]
[www.citystorage.at/wp-content/uploads/2019/09/Selzgasse20-22_DSC_3074-scaled.jpg]
[www.citystorage.at/standorte/selzergasse-20-22-1150-wien/index.html]
[www.citystorage.at/wp-content/themes/functn/assets/svg/icon-play.svg]
[www.citystorage.at/wp-content/themes/functn/assets/css/owl.video.play.html]
[www.citystorage.at/wp-content/themes/functn/assets/fonts/Roboto-Regular.svg]
[www.citystorage.at/wp-content/themes/functn/assets/fonts/Roboto-Medium.svg]
[www.citystorage.at/wp-content/themes/functn/assets/svg/icon-arrow_drop_down.svg]
[www.citystorage.at/wp-content/themes/functn/assets/svg/icon-done.svg]
[www.citystorage.at/standorte/page/2/index.html]
[www.citystorage.at/index4976.html]
[www.citystorage.at/indexde52.html]
[www.citystorage.at/index3758.html]
[www.citystorage.at/index01a2.html]
[www.citystorage.at/index004f.html]
[www.citystorage.at/wp-content/uploads/2019/10/clock.svg]
[www.citystorage.at/wp-content/uploads/2019/10/ic-video.svg]
[www.citystorage.at/wp-content/uploads/2019/10/ic-shield.svg]
[www.citystorage.at/wp-content/themes/functn/assets/svg/icon-flame.svg]
[www.citystorage.at/indexade3.html]
[www.citystorage.at/index1cac.html]
[www.citystorage.at/index9af7.html]
[www.citystorage.at/standorte/florianigasse-58-1080-wien/___Datenschutzerklärung_/a_.html]
[www.citystorage.at/wp-content/plugins/gravityforms/images/spinner.svg]
[www.citystorage.at/indexe3b6.html]
[www.citystorage.at/indexa290.html]
[www.citystorage.at/index1d45.html]
[www.citystorage.at/standorte/aichholzgasse-31-1120-wien/___Datenschutzerklärung_/a_.html]
[www.citystorage.at/indexa51f.html]
[www.citystorage.at/standorte/liechtensteinstrasse-56-1090-wien/___Datenschutzerklärung_/a_.html]
[www.citystorage.at/indexcaae.html]
[www.citystorage.at/standorte/weisgerberlande-58-1030-wien/___Datenschutzerklärung_/a_.html]
[www.citystorage.at/index8e0b.html]
[www.citystorage.at/indexa5f2.html]
[www.citystorage.at/standorte/gilmgasse-6-1170-wien/___Datenschutzerklärung_/a_.html]
[www.citystorage.at/indexc508.html]
[www.citystorage.at/standorte/vogelsanggasse-31-1050-wien/___Datenschutzerklärung_/a_.html]
[www.citystorage.at/indexa862.html]
[www.citystorage.at/index7255.html]
[www.citystorage.at/standorte/gurkgasse-17-1140-wien/___Datenschutzerklärung_/a_.html]
[www.citystorage.at/indexb645.html]
[www.citystorage.at/standorte/selzergasse-20-22-1150-wien/___Datenschutzerklärung_/a_.html]
